RACSM Controls 0.1.0-poc started camera=1 deadzone=24 L2=00004000 R2=00002000
patched rcp1 uid=385 text=09151D00 camera=09154D60 pad=094C0B60 controller-filter=on
PPSSPP Dev-kit R2 detected
PPSSPP Dev-kit L2 detected
gameplay module unloaded uid=385
patched rcp1 uid=438 text=09151D00 camera=09154D60 pad=094C0B60 controller-filter=on
RACSM Controls 0.1.0-poc started camera=1 deadzone=24 L2=00001000 R2=00002000
patched rcp1 uid=385 text=09151D00 camera=09154D60 pad=094C0B60 controller-filter=on
PPSSPP Dev-kit L2 detected
PPSSPP Dev-kit R2 detected
RACSM Controls 0.1.0-poc started camera=1 deadzone=24 L2=00001000 R2=00002000
patched rcp1 uid=385 text=09151D00 camera=09154D60 pad=094C0B60 controller-filter=on
PPSSPP Dev-kit R2 detected
PPSSPP Dev-kit L2 detected
RACSM Controls 0.1.0-poc started camera=1 deadzone=24 L2=00001000 R2=00002000
patched rcp1 uid=385 text=09151D00 camera=09154D60 pad=094C0B60 controller-filter=on
PPSSPP Dev-kit R2 detected
gameplay module unloaded uid=385
patched rcp1 uid=436 text=09151D00 camera=09154D60 pad=094D9C80 controller-filter=on
RACSM Controls 0.1.0-poc started camera=1 deadzone=24 L2=00001000 R2=00002000
patched rcp1 uid=385 text=09151D00 camera=09154D60 pad=094C0B60 controller-filter=on
PPSSPP Dev-kit R2 detected
PPSSPP Dev-kit L2 detected
RACSM Controls 0.1.0-poc started camera=1 deadzone=24 L2=00001000 R2=00002000
